Archive member included to satisfy reference by file (symbol)

c:/ac6/systemworkbench/plugins/fr.ac6.mcu.externaltools.arm-none.win32_1.15.0.201708311556/tools/compiler/bin/../lib/gcc/arm-none-eabi/6.3.1/thumb/v6-m\libgcc.a(_udivsi3.o)
                              Drivers/STM32F0xx_HAL_Driver/Src/stm32f0xx_hal.o (__aeabi_uidiv)
c:/ac6/systemworkbench/plugins/fr.ac6.mcu.externaltools.arm-none.win32_1.15.0.201708311556/tools/compiler/bin/../lib/gcc/arm-none-eabi/6.3.1/thumb/v6-m\libgcc.a(_dvmd_tls.o)
                              c:/ac6/systemworkbench/plugins/fr.ac6.mcu.externaltools.arm-none.win32_1.15.0.201708311556/tools/compiler/bin/../lib/gcc/arm-none-eabi/6.3.1/thumb/v6-m\libgcc.a(_udivsi3.o) (__aeabi_idiv0)
c:/ac6/systemworkbench/plugins/fr.ac6.mcu.externaltools.arm-none.win32_1.15.0.201708311556/tools/compiler/bin/../lib/gcc/arm-none-eabi/6.3.1/thumb/v6-m\libgcc.a(_arm_cmpsf2.o)
                              Src/main.o (__aeabi_fcmpgt)
c:/ac6/systemworkbench/plugins/fr.ac6.mcu.externaltools.arm-none.win32_1.15.0.201708311556/tools/compiler/bin/../lib/gcc/arm-none-eabi/6.3.1/thumb/v6-m\libgcc.a(_fixunssfsi.o)
                              Src/main.o (__aeabi_f2uiz)
c:/ac6/systemworkbench/plugins/fr.ac6.mcu.externaltools.arm-none.win32_1.15.0.201708311556/tools/compiler/bin/../lib/gcc/arm-none-eabi/6.3.1/thumb/v6-m\libgcc.a(divsf3.o)
                              Src/main.o (__aeabi_fdiv)
c:/ac6/systemworkbench/plugins/fr.ac6.mcu.externaltools.arm-none.win32_1.15.0.201708311556/tools/compiler/bin/../lib/gcc/arm-none-eabi/6.3.1/thumb/v6-m\libgcc.a(eqsf2.o)
                              c:/ac6/systemworkbench/plugins/fr.ac6.mcu.externaltools.arm-none.win32_1.15.0.201708311556/tools/compiler/bin/../lib/gcc/arm-none-eabi/6.3.1/thumb/v6-m\libgcc.a(_arm_cmpsf2.o) (__eqsf2)
c:/ac6/systemworkbench/plugins/fr.ac6.mcu.externaltools.arm-none.win32_1.15.0.201708311556/tools/compiler/bin/../lib/gcc/arm-none-eabi/6.3.1/thumb/v6-m\libgcc.a(gesf2.o)
                              c:/ac6/systemworkbench/plugins/fr.ac6.mcu.externaltools.arm-none.win32_1.15.0.201708311556/tools/compiler/bin/../lib/gcc/arm-none-eabi/6.3.1/thumb/v6-m\libgcc.a(_arm_cmpsf2.o) (__gesf2)
c:/ac6/systemworkbench/plugins/fr.ac6.mcu.externaltools.arm-none.win32_1.15.0.201708311556/tools/compiler/bin/../lib/gcc/arm-none-eabi/6.3.1/thumb/v6-m\libgcc.a(lesf2.o)
                              c:/ac6/systemworkbench/plugins/fr.ac6.mcu.externaltools.arm-none.win32_1.15.0.201708311556/tools/compiler/bin/../lib/gcc/arm-none-eabi/6.3.1/thumb/v6-m\libgcc.a(_arm_cmpsf2.o) (__lesf2)
c:/ac6/systemworkbench/plugins/fr.ac6.mcu.externaltools.arm-none.win32_1.15.0.201708311556/tools/compiler/bin/../lib/gcc/arm-none-eabi/6.3.1/thumb/v6-m\libgcc.a(mulsf3.o)
                              Src/main.o (__aeabi_fmul)
c:/ac6/systemworkbench/plugins/fr.ac6.mcu.externaltools.arm-none.win32_1.15.0.201708311556/tools/compiler/bin/../lib/gcc/arm-none-eabi/6.3.1/thumb/v6-m\libgcc.a(subsf3.o)
                              Src/main.o (__aeabi_fsub)
c:/ac6/systemworkbench/plugins/fr.ac6.mcu.externaltools.arm-none.win32_1.15.0.201708311556/tools/compiler/bin/../lib/gcc/arm-none-eabi/6.3.1/thumb/v6-m\libgcc.a(fixsfsi.o)
                              c:/ac6/systemworkbench/plugins/fr.ac6.mcu.externaltools.arm-none.win32_1.15.0.201708311556/tools/compiler/bin/../lib/gcc/arm-none-eabi/6.3.1/thumb/v6-m\libgcc.a(_fixunssfsi.o) (__aeabi_f2iz)
c:/ac6/systemworkbench/plugins/fr.ac6.mcu.externaltools.arm-none.win32_1.15.0.201708311556/tools/compiler/bin/../lib/gcc/arm-none-eabi/6.3.1/thumb/v6-m\libgcc.a(floatunsisf.o)
                              Src/adc.o (__aeabi_ui2f)
c:/ac6/systemworkbench/plugins/fr.ac6.mcu.externaltools.arm-none.win32_1.15.0.201708311556/tools/compiler/bin/../lib/gcc/arm-none-eabi/6.3.1/thumb/v6-m\libgcc.a(_clzsi2.o)
                              c:/ac6/systemworkbench/plugins/fr.ac6.mcu.externaltools.arm-none.win32_1.15.0.201708311556/tools/compiler/bin/../lib/gcc/arm-none-eabi/6.3.1/thumb/v6-m\libgcc.a(divsf3.o) (__clzsi2)
c:/ac6/systemworkbench/plugins/fr.ac6.mcu.externaltools.arm-none.win32_1.15.0.201708311556/tools/compiler/bin/../lib/gcc/arm-none-eabi/6.3.1/../../../../arm-none-eabi/lib/thumb/v6-m\libc_nano.a(lib_a-exit.o)
                              c:/ac6/systemworkbench/plugins/fr.ac6.mcu.externaltools.arm-none.win32_1.15.0.201708311556/tools/compiler/bin/../lib/gcc/arm-none-eabi/6.3.1/../../../../arm-none-eabi/lib/thumb/v6-m/crt0.o (exit)
c:/ac6/systemworkbench/plugins/fr.ac6.mcu.externaltools.arm-none.win32_1.15.0.201708311556/tools/compiler/bin/../lib/gcc/arm-none-eabi/6.3.1/../../../../arm-none-eabi/lib/thumb/v6-m\libc_nano.a(lib_a-impure.o)
                              c:/ac6/systemworkbench/plugins/fr.ac6.mcu.externaltools.arm-none.win32_1.15.0.201708311556/tools/compiler/bin/../lib/gcc/arm-none-eabi/6.3.1/../../../../arm-none-eabi/lib/thumb/v6-m\libc_nano.a(lib_a-exit.o) (_global_impure_ptr)
[...]
Memory Configuration

Name             Origin             Length             Attributes
RAM              0x20000000         0x00001000         xrw
FLASH            0x08000000         0x00008000         xr
*default*        0x00000000         0xffffffff

Linker script and memory map

LOAD c:/ac6/systemworkbench/plugins/fr.ac6.mcu.externaltools.arm-none.win32_1.15.0.201708311556/tools/compiler/bin/../lib/gcc/arm-none-eabi/6.3.1/thumb/v6-m/crti.o
LOAD c:/ac6/systemworkbench/plugins/fr.ac6.mcu.externaltools.arm-none.win32_1.15.0.201708311556/tools/compiler/bin/../lib/gcc/arm-none-eabi/6.3.1/thumb/v6-m/crtbegin.o
LOAD c:/ac6/systemworkbench/plugins/fr.ac6.mcu.externaltools.arm-none.win32_1.15.0.201708311556/tools/compiler/bin/../lib/gcc/arm-none-eabi/6.3.1/../../../../arm-none-eabi/lib/thumb/v6-m/crt0.o
LOAD Drivers/STM32F0xx_HAL_Driver/Src/stm32f0xx_hal.o
LOAD Drivers/STM32F0xx_HAL_Driver/Src/stm32f0xx_hal_adc.o
LOAD Drivers/STM32F0xx_HAL_Driver/Src/stm32f0xx_hal_adc_ex.o
LOAD Drivers/STM32F0xx_HAL_Driver/Src/stm32f0xx_hal_cortex.o
LOAD Drivers/STM32F0xx_HAL_Driver/Src/stm32f0xx_hal_dma.o
LOAD Drivers/STM32F0xx_HAL_Driver/Src/stm32f0xx_hal_flash.o
LOAD Drivers/STM32F0xx_HAL_Driver/Src/stm32f0xx_hal_flash_ex.o
LOAD Drivers/STM32F0xx_HAL_Driver/Src/stm32f0xx_hal_gpio.o
LOAD Drivers/STM32F0xx_HAL_Driver/Src/stm32f0xx_hal_i2c.o
LOAD Drivers/STM32F0xx_HAL_Driver/Src/stm32f0xx_hal_i2c_ex.o
LOAD Drivers/STM32F0xx_HAL_Driver/Src/stm32f0xx_hal_pwr.o
LOAD Drivers/STM32F0xx_HAL_Driver/Src/stm32f0xx_hal_pwr_ex.o
LOAD Drivers/STM32F0xx_HAL_Driver/Src/stm32f0xx_hal_rcc.o
LOAD Drivers/STM32F0xx_HAL_Driver/Src/stm32f0xx_hal_rcc_ex.o
LOAD Drivers/STM32F0xx_HAL_Driver/Src/stm32f0xx_hal_tim.o
LOAD Drivers/STM32F0xx_HAL_Driver/Src/stm32f0xx_hal_tim_ex.o
LOAD Src/adc.o
LOAD Src/adc_config.o
LOAD Src/dma_config.o
LOAD Src/gpio_config.o
LOAD Src/main.o
LOAD Src/stm32f0xx_hal_msp.o
LOAD Src/stm32f0xx_it.o
LOAD Src/system_stm32f0xx.o
LOAD Src/systemclock_config.o
LOAD startup/startup_stm32f030x6.o
LOAD c:/ac6/systemworkbench/plugins/fr.ac6.mcu.externaltools.arm-none.win32_1.15.0.201708311556/tools/compiler/bin/../lib/gcc/arm-none-eabi/6.3.1/../../../../arm-none-eabi/lib/thumb/v6-m\libm.a
START GROUP
LOAD c:/ac6/systemworkbench/plugins/fr.ac6.mcu.externaltools.arm-none.win32_1.15.0.201708311556/tools/compiler/bin/../lib/gcc/arm-none-eabi/6.3.1/thumb/v6-m\libgcc.a
LOAD c:/ac6/systemworkbench/plugins/fr.ac6.mcu.externaltools.arm-none.win32_1.15.0.201708311556/tools/compiler/bin/../lib/gcc/arm-none-eabi/6.3.1/../../../../arm-none-eabi/lib/thumb/v6-m\libc_nano.a
END GROUP
START GROUP
LOAD c:/ac6/systemworkbench/plugins/fr.ac6.mcu.externaltools.arm-none.win32_1.15.0.201708311556/tools/compiler/bin/../lib/gcc/arm-none-eabi/6.3.1/thumb/v6-m\libgcc.a
LOAD c:/ac6/systemworkbench/plugins/fr.ac6.mcu.externaltools.arm-none.win32_1.15.0.201708311556/tools/compiler/bin/../lib/gcc/arm-none-eabi/6.3.1/../../../../arm-none-eabi/lib/thumb/v6-m\libc_nano.a
LOAD c:/ac6/systemworkbench/plugins/fr.ac6.mcu.externaltools.arm-none.win32_1.15.0.201708311556/tools/compiler/bin/../lib/gcc/arm-none-eabi/6.3.1/../../../../arm-none-eabi/lib/thumb/v6-m\libnosys.a
END GROUP
START GROUP
LOAD c:/ac6/systemworkbench/plugins/fr.ac6.mcu.externaltools.arm-none.win32_1.15.0.201708311556/tools/compiler/bin/../lib/gcc/arm-none-eabi/6.3.1/thumb/v6-m\libgcc.a
LOAD c:/ac6/systemworkbench/plugins/fr.ac6.mcu.externaltools.arm-none.win32_1.15.0.201708311556/tools/compiler/bin/../lib/gcc/arm-none-eabi/6.3.1/../../../../arm-none-eabi/lib/thumb/v6-m\libc_nano.a
LOAD c:/ac6/systemworkbench/plugins/fr.ac6.mcu.externaltools.arm-none.win32_1.15.0.201708311556/tools/compiler/bin/../lib/gcc/arm-none-eabi/6.3.1/../../../../arm-none-eabi/lib/thumb/v6-m\libnosys.a
END GROUP
LOAD c:/ac6/systemworkbench/plugins/fr.ac6.mcu.externaltools.arm-none.win32_1.15.0.201708311556/tools/compiler/bin/../lib/gcc/arm-none-eabi/6.3.1/thumb/v6-m/crtend.o
LOAD c:/ac6/systemworkbench/plugins/fr.ac6.mcu.externaltools.arm-none.win32_1.15.0.201708311556/tools/compiler/bin/../lib/gcc/arm-none-eabi/6.3.1/thumb/v6-m/crtn.o
                0x20001000                _estack = 0x20001000
                0x00000200                _Min_Heap_Size = 0x200
                0x00000400                _Min_Stack_Size = 0x400

.isr_vector     0x08000000       0xc0
                0x08000000                . = ALIGN (0x4)
 *(.isr_vector)
 .isr_vector    0x08000000       0xc0 startup/startup_stm32f030x6.o
                0x08000000                g_pfnVectors
                0x080000c0                . = ALIGN (0x4)

.text           0x080000c0     0x2234
                0x080000c0                . = ALIGN (0x4)
 *(.text)
 .text          0x080000c0       0x60 c:/ac6/systemworkbench/plugins/fr.ac6.mcu.externaltools.arm-none.win32_1.15.0.201708311556/tools/compiler/bin/../lib/gcc/arm-none-eabi/6.3.1/thumb/v6-m/crtbegin.o
 .text          0x08000120      0x114 c:/ac6/systemworkbench/plugins/fr.ac6.mcu.externaltools.arm-none.win32_1.15.0.201708311556/tools/compiler/bin/../lib/gcc/arm-none-eabi/6.3.1/thumb/v6-m\libgcc.a(_udivsi3.o)
                0x08000120                __aeabi_uidiv
                0x08000120                __udivsi3
                0x0800022c                __aeabi_uidivmod
 .text          0x08000234        0x4 c:/ac6/systemworkbench/plugins/fr.ac6.mcu.externaltools.arm-none.win32_1.15.0.201708311556/tools/compiler/bin/../lib/gcc/arm-none-eabi/6.3.1/thumb/v6-m\libgcc.a(_dvmd_tls.o)
                0x08000234                __aeabi_idiv0
                0x08000234                __aeabi_ldiv0
 .text          0x08000238       0x74 c:/ac6/systemworkbench/plugins/fr.ac6.mcu.externaltools.arm-none.win32_1.15.0.201708311556/tools/compiler/bin/../lib/gcc/arm-none-eabi/6.3.1/thumb/v6-m\libgcc.a(_arm_cmpsf2.o)
                0x08000238                __aeabi_cfrcmple
                0x08000240                __aeabi_cfcmpeq
                0x08000240                __aeabi_cfcmple
                0x08000250                __aeabi_fcmpeq
                0x0800025c                __aeabi_fcmplt
                0x08000270                __aeabi_fcmple
                0x08000284                __aeabi_fcmpgt
                0x08000298                __aeabi_fcmpge
 .text          0x080002ac       0x30 c:/ac6/systemworkbench/plugins/fr.ac6.mcu.externaltools.arm-none.win32_1.15.0.201708311556/tools/compiler/bin/../lib/gcc/arm-none-eabi/6.3.1/thumb/v6-m\libgcc.a(_fixunssfsi.o)
                0x080002ac                __fixunssfsi
                0x080002ac                __aeabi_f2uiz
 .text          0x080002dc      0x290 c:/ac6/systemworkbench/plugins/fr.ac6.mcu.externaltools.arm-none.win32_1.15.0.201708311556/tools/compiler/bin/../lib/gcc/arm-none-eabi/6.3.1/thumb/v6-m\libgcc.a(divsf3.o)
                0x080002dc                __aeabi_fdiv
 .text          0x0800056c       0x4c c:/ac6/systemworkbench/plugins/fr.ac6.mcu.externaltools.arm-none.win32_1.15.0.201708311556/tools/compiler/bin/../lib/gcc/arm-none-eabi/6.3.1/thumb/v6-m\libgcc.a(eqsf2.o)
                0x0800056c                __eqsf2
                0x0800056c                __nesf2
 .text          0x080005b8       0x80 c:/ac6/systemworkbench/plugins/fr.ac6.mcu.externaltools.arm-none.win32_1.15.0.201708311556/tools/compiler/bin/../lib/gcc/arm-none-eabi/6.3.1/thumb/v6-m\libgcc.a(gesf2.o)
                0x080005b8                __gesf2
                0x080005b8                __gtsf2
 .text          0x08000638       0x84 c:/ac6/systemworkbench/plugins/fr.ac6.mcu.externaltools.arm-none.win32_1.15.0.201708311556/tools/compiler/bin/../lib/gcc/arm-none-eabi/6.3.1/thumb/v6-m\libgcc.a(lesf2.o)
                0x08000638                __ltsf2
                0x08000638                __lesf2
 .text          0x080006bc      0x240 c:/ac6/systemworkbench/plugins/fr.ac6.mcu.externaltools.arm-none.win32_1.15.0.201708311556/tools/compiler/bin/../lib/gcc/arm-none-eabi/6.3.1/thumb/v6-m\libgcc.a(mulsf3.o)
                0x080006bc                __aeabi_fmul
 .text          0x080008fc      0x338 c:/ac6/systemworkbench/plugins/fr.ac6.mcu.externaltools.arm-none.win32_1.15.0.201708311556/tools/compiler/bin/../lib/gcc/arm-none-eabi/6.3.1/thumb/v6-m\libgcc.a(subsf3.o)
                0x080008fc                __aeabi_fsub
 .text          0x08000c34       0x40 c:/ac6/systemworkbench/plugins/fr.ac6.mcu.externaltools.arm-none.win32_1.15.0.201708311556/tools/compiler/bin/../lib/gcc/arm-none-eabi/6.3.1/thumb/v6-m\libgcc.a(fixsfsi.o)
                0x08000c34                __aeabi_f2iz
 .text          0x08000c74       0x8c c:/ac6/systemworkbench/plugins/fr.ac6.mcu.externaltools.arm-none.win32_1.15.0.201708311556/tools/compiler/bin/../lib/gcc/arm-none-eabi/6.3.1/thumb/v6-m\libgcc.a(floatunsisf.o)
                0x08000c74                __aeabi_ui2f
 .text          0x08000d00       0x3c c:/ac6/systemworkbench/plugins/fr.ac6.mcu.externaltools.arm-none.win32_1.15.0.201708311556/tools/compiler/bin/../lib/gcc/arm-none-eabi/6.3.1/thumb/v6-m\libgcc.a(_clzsi2.o)
                0x08000d00                __clzsi2
 *(.text*)
 .text.HAL_InitTick
                0x08000d3c       0x24 Drivers/STM32F0xx_HAL_Driver/Src/stm32f0xx_hal.o
                0x08000d3c                HAL_InitTick
 .text.HAL_Init
                0x08000d60       0x20 Drivers/STM32F0xx_HAL_Driver/Src/stm32f0xx_hal.o
                0x08000d60                HAL_Init
 .text.HAL_IncTick
                0x08000d80       0x10 Drivers/STM32F0xx_HAL_Driver/Src/stm32f0xx_hal.o
                0x08000d80                HAL_IncTick
 .text.HAL_GetTick
                0x08000d90        0xc Drivers/STM32F0xx_HAL_Driver/Src/stm32f0xx_hal.o
                0x08000d90                HAL_GetTick
 .text.HAL_Delay
                0x08000d9c       0x22 Drivers/STM32F0xx_HAL_Driver/Src/stm32f0xx_hal.o
                0x08000d9c                HAL_Delay
 *fill*         0x08000dbe        0x2 
 .text.ADC_Enable
                0x08000dc0       0xb4 Drivers/STM32F0xx_HAL_Driver/Src/stm32f0xx_hal_adc.o
 .text.HAL_ADC_Init
                0x08000e74      0x18c Drivers/STM32F0xx_HAL_Driver/Src/stm32f0xx_hal_adc.o
                0x08000e74                HAL_ADC_Init
 .text.HAL_ADC_Start_DMA
                0x08001000       0xa8 Drivers/STM32F0xx_HAL_Driver/Src/stm32f0xx_hal_adc.o
                0x08001000                HAL_ADC_Start_DMA
 .text.ADC_DMAConvCplt
                0x080010a8       0x70 Drivers/STM32F0xx_HAL_Driver/Src/stm32f0xx_hal_adc.o
 .text.HAL_ADC_ConvHalfCpltCallback
                0x08001118        0x2 Drivers/STM32F0xx_HAL_Driver/Src/stm32f0xx_hal_adc.o
                0x08001118                HAL_ADC_ConvHalfCpltCallback
 .text.ADC_DMAHalfConvCplt
                0x0800111a        0xa Drivers/STM32F0xx_HAL_Driver/Src/stm32f0xx_hal_adc.o
 .text.HAL_ADC_ErrorCallback
                0x08001124        0x2 Drivers/STM32F0xx_HAL_Driver/Src/stm32f0xx_hal_adc.o
                0x08001124                HAL_ADC_ErrorCallback
 .text.ADC_DMAError
                0x08001126       0x1a Drivers/STM32F0xx_HAL_Driver/Src/stm32f0xx_hal_adc.o
 .text.HAL_ADC_ConfigChannel
                0x08001140      0x134 Drivers/STM32F0xx_HAL_Driver/Src/stm32f0xx_hal_adc.o
                0x08001140                HAL_ADC_ConfigChannel
 .text.HAL_NVIC_SetPriority
                0x08001274       0x64 Drivers/STM32F0xx_HAL_Driver/Src/stm32f0xx_hal_cortex.o
                0x08001274                HAL_NVIC_SetPriority
 .text.HAL_NVIC_EnableIRQ
                0x080012d8       0x14 Drivers/STM32F0xx_HAL_Driver/Src/stm32f0xx_hal_cortex.o
                0x080012d8                HAL_NVIC_EnableIRQ
 .text.HAL_SYSTICK_Config
                0x080012ec       0x38 Drivers/STM32F0xx_HAL_Driver/Src/stm32f0xx_hal_cortex.o
                0x080012ec                HAL_SYSTICK_Config
 .text.HAL_SYSTICK_CLKSourceConfig
                0x08001324       0x20 Drivers/STM32F0xx_HAL_Driver/Src/stm32f0xx_hal_cortex.o
                0x08001324                HAL_SYSTICK_CLKSourceConfig
 .text.HAL_SYSTICK_Callback
                0x08001344        0x2 Drivers/STM32F0xx_HAL_Driver/Src/stm32f0xx_hal_cortex.o
                0x08001344                HAL_SYSTICK_Callback
 .text.HAL_SYSTICK_IRQHandler
                0x08001346        0x8 Drivers/STM32F0xx_HAL_Driver/Src/stm32f0xx_hal_cortex.o
                0x08001346                HAL_SYSTICK_IRQHandler
 .text.DMA_SetConfig
                0x0800134e       0x2a Drivers/STM32F0xx_HAL_Driver/Src/stm32f0xx_hal_dma.o
 .text.DMA_CalcBaseAndBitshift
                0x08001378       0x28 Drivers/STM32F0xx_HAL_Driver/Src/stm32f0xx_hal_dma.o
 .text.HAL_DMA_Init
                0x080013a0       0x58 Drivers/STM32F0xx_HAL_Driver/Src/stm32f0xx_hal_dma.o
                0x080013a0                HAL_DMA_Init
 .text.HAL_DMA_Start_IT
                0x080013f8       0x76 Drivers/STM32F0xx_HAL_Driver/Src/stm32f0xx_hal_dma.o
                0x080013f8                HAL_DMA_Start_IT
 .text.HAL_DMA_IRQHandler
                0x0800146e       0xaa Drivers/STM32F0xx_HAL_Driver/Src/stm32f0xx_hal_dma.o
                0x0800146e                HAL_DMA_IRQHandler
 .text.HAL_GPIO_Init
                0x08001518      0x18c Drivers/STM32F0xx_HAL_Driver/Src/stm32f0xx_hal_gpio.o
                0x08001518                HAL_GPIO_Init
 .text.HAL_GPIO_WritePin
                0x080016a4        0xc Drivers/STM32F0xx_HAL_Driver/Src/stm32f0xx_hal_gpio.o
                0x080016a4                HAL_GPIO_WritePin
 .text.HAL_RCC_OscConfig
                0x080016b0      0x44c Drivers/STM32F0xx_HAL_Driver/Src/stm32f0xx_hal_rcc.o
                0x080016b0                HAL_RCC_OscConfig
 .text.HAL_RCC_GetSysClockFreq
                0x08001afc       0x6c Drivers/STM32F0xx_HAL_Driver/Src/stm32f0xx_hal_rcc.o
                0x08001afc                HAL_RCC_GetSysClockFreq
 .text.HAL_RCC_ClockConfig
                0x08001b68      0x154 Drivers/STM32F0xx_HAL_Driver/Src/stm32f0xx_hal_rcc.o
                0x08001b68                HAL_RCC_ClockConfig
 .text.HAL_RCC_GetHCLKFreq
                0x08001cbc        0xc Drivers/STM32F0xx_HAL_Driver/Src/stm32f0xx_hal_rcc.o
                0x08001cbc                HAL_RCC_GetHCLKFreq
 .text.HAL_ADC_ConvCpltCallback
                0x08001cc8       0x4c Src/adc.o
                0x08001cc8                HAL_ADC_ConvCpltCallback
 .text.ADC_Init
                0x08001d14       0xc4 Src/adc_config.o
                0x08001d14                ADC_Init
 .text.DMA_Init
                0x08001dd8       0x30 Src/dma_config.o
                0x08001dd8                DMA_Init
 .text.GPIO_Init
                0x08001e08       0x78 Src/gpio_config.o
                0x08001e08                GPIO_Init
 .text.calculate_vref
                0x08001e80       0x14 Src/main.o
                0x08001e80                calculate_vref
 .text.calculateTemperature
                0x08001e94       0x24 Src/main.o
                0x08001e94                calculateTemperature
 .text.checkTemperature
                0x08001eb8        0xa Src/main.o
                0x08001eb8                checkTemperature
 *fill*         0x08001ec2        0x2 
 .text.checkCurrent
                0x08001ec4       0x18 Src/main.o
                0x08001ec4                checkCurrent
 .text.calculateCurrent
                0x08001edc       0x28 Src/main.o
                0x08001edc                calculateCurrent
 .text.ledAnimation
                0x08001f04       0xc8 Src/main.o
                0x08001f04                ledAnimation
 .text.main     0x08001fcc       0xe0 Src/main.o
                0x08001fcc                main
 .text.HAL_MspInit
                0x080020ac       0x44 Src/stm32f0xx_hal_msp.o
                0x080020ac                HAL_MspInit
 .text.HAL_ADC_MspInit
                0x080020f0       0x74 Src/stm32f0xx_hal_msp.o
                0x080020f0                HAL_ADC_MspInit
 .text.NMI_Handler
                0x08002164        0x2 Src/stm32f0xx_it.o
                0x08002164                NMI_Handler
 .text.HardFault_Handler
                0x08002166        0x2 Src/stm32f0xx_it.o
                0x08002166                HardFault_Handler
 .text.SVC_Handler
                0x08002168        0x2 Src/stm32f0xx_it.o
                0x08002168                SVC_Handler
 .text.PendSV_Handler
                0x0800216a        0x2 Src/stm32f0xx_it.o
                0x0800216a                PendSV_Handler
 .text.SysTick_Handler
                0x0800216c        0xc Src/stm32f0xx_it.o
                0x0800216c                SysTick_Handler
 .text.DMA1_Channel1_IRQHandler
                0x08002178       0x10 Src/stm32f0xx_it.o
                0x08002178                DMA1_Channel1_IRQHandler
 .text.SystemInit
                0x08002188       0x60 Src/system_stm32f0xx.o
                0x08002188                SystemInit
 .text.SystemClock_Config
                0x080021e8       0x56 Src/systemclock_config.o
                0x080021e8                SystemClock_Config
 *fill*         0x0800223e        0x2 
 .text.Reset_Handler
                0x08002240       0x50 startup/startup_stm32f030x6.o
                0x08002240                Reset_Handler
 .text.Default_Handler
                0x08002290        0x2 startup/startup_stm32f030x6.o
                0x08002290                TIM1_CC_IRQHandler
                0x08002290                I2C1_IRQHandler
                0x08002290                SPI1_IRQHandler
                0x08002290                EXTI2_3_IRQHandler
                0x08002290                ADC1_IRQHandler
                0x08002290                TIM17_IRQHandler
                0x08002290                RTC_IRQHandler
                0x08002290                TIM16_IRQHandler
                0x08002290                TIM3_IRQHandler
                0x08002290                EXTI4_15_IRQHandler
                0x08002290                RCC_IRQHandler
                0x08002290                Default_Handler
                0x08002290                TIM14_IRQHandler
                0x08002290                DMA1_Channel4_5_IRQHandler
                0x08002290                EXTI0_1_IRQHandler
                0x08002290                WWDG_IRQHandler
                0x08002290                DMA1_Channel2_3_IRQHandler
                0x08002290                FLASH_IRQHandler
                0x08002290                USART1_IRQHandler
                0x08002290                TIM1_BRK_UP_TRG_COM_IRQHandler
 *fill*         0x08002292        0x2 
 .text.__libc_init_array
                0x08002294       0x48 c:/ac6/systemworkbench/plugins/fr.ac6.mcu.externaltools.arm-none.win32_1.15.0.201708311556/tools/compiler/bin/../lib/gcc/arm-none-eabi/6.3.1/../../../../arm-none-eabi/lib/thumb/v6-m\libc_nano.a(lib_a-init.o)
                0x08002294                __libc_init_array
 *(.glue_7)
 .glue_7        0x080022dc        0x0 linker stubs
 *(.glue_7t)
 .glue_7t       0x080022dc        0x0 linker stubs
 *(.eh_frame)
 .eh_frame      0x080022dc        0x0 c:/ac6/systemworkbench/plugins/fr.ac6.mcu.externaltools.arm-none.win32_1.15.0.201708311556/tools/compiler/bin/../lib/gcc/arm-none-eabi/6.3.1/thumb/v6-m/crtbegin.o
 *(.init)
 .init          0x080022dc        0x4 c:/ac6/systemworkbench/plugins/fr.ac6.mcu.externaltools.arm-none.win32_1.15.0.201708311556/tools/compiler/bin/../lib/gcc/arm-none-eabi/6.3.1/thumb/v6-m/crti.o
                0x080022dc                _init
 .init          0x080022e0        0x8 c:/ac6/systemworkbench/plugins/fr.ac6.mcu.externaltools.arm-none.win32_1.15.0.201708311556/tools/compiler/bin/../lib/gcc/arm-none-eabi/6.3.1/thumb/v6-m/crtn.o
 *(.fini)
 .fini          0x080022e8        0x4 c:/ac6/systemworkbench/plugins/fr.ac6.mcu.externaltools.arm-none.win32_1.15.0.201708311556/tools/compiler/bin/../lib/gcc/arm-none-eabi/6.3.1/thumb/v6-m/crti.o
                0x080022e8                _fini
 .fini          0x080022ec        0x8 c:/ac6/systemworkbench/plugins/fr.ac6.mcu.externaltools.arm-none.win32_1.15.0.201708311556/tools/compiler/bin/../lib/gcc/arm-none-eabi/6.3.1/thumb/v6-m/crtn.o
                0x080022f4                . = ALIGN (0x4)
                0x080022f4                _etext = .

.vfp11_veneer   0x080022f4        0x0
 .vfp11_veneer  0x080022f4        0x0 linker stubs

.v4_bx          0x080022f4        0x0
 .v4_bx         0x080022f4        0x0 linker stubs

.iplt           0x080022f4        0x0
 .iplt          0x080022f4        0x0 c:/ac6/systemworkbench/plugins/fr.ac6.mcu.externaltools.arm-none.win32_1.15.0.201708311556/tools/compiler/bin/../lib/gcc/arm-none-eabi/6.3.1/thumb/v6-m/crtbegin.o

.rodata         0x080022f4       0xf8
                0x080022f4                . = ALIGN (0x4)
 *(.rodata)
 .rodata        0x080022f4       0x20 Drivers/STM32F0xx_HAL_Driver/Src/stm32f0xx_hal_rcc.o
 .rodata        0x08002314       0x18 Src/system_stm32f0xx.o
                0x08002314                AHBPrescTable
                0x08002324                APBPrescTable
 .rodata        0x0800232c       0x80 c:/ac6/systemworkbench/plugins/fr.ac6.mcu.externaltools.arm-none.win32_1.15.0.201708311556/tools/compiler/bin/../lib/gcc/arm-none-eabi/6.3.1/thumb/v6-m\libgcc.a(divsf3.o)
 .rodata        0x080023ac       0x40 c:/ac6/systemworkbench/plugins/fr.ac6.mcu.externaltools.arm-none.win32_1.15.0.201708311556/tools/compiler/bin/../lib/gcc/arm-none-eabi/6.3.1/thumb/v6-m\libgcc.a(mulsf3.o)
 *(.rodata*)
                0x080023ec                . = ALIGN (0x4)

.rel.dyn        0x080023ec        0x0
 .rel.iplt      0x080023ec        0x0 c:/ac6/systemworkbench/plugins/fr.ac6.mcu.externaltools.arm-none.win32_1.15.0.201708311556/tools/compiler/bin/../lib/gcc/arm-none-eabi/6.3.1/thumb/v6-m/crtbegin.o

.ARM.extab
 *(.ARM.extab* .gnu.linkonce.armextab.*)

.ARM            0x080023ec        0x0
                0x080023ec                __exidx_start = .
 *(.ARM.exidx*)
                0x080023ec                __exidx_end = .

.preinit_array  0x080023ec        0x0
                0x080023ec                PROVIDE (__preinit_array_start, .)
 *(.preinit_array*)
                0x080023ec                PROVIDE (__preinit_array_end, .)

.init_array     0x080023ec        0x4
                0x080023ec                PROVIDE (__init_array_start, .)
 *(SORT(.init_array.*))
 *(.init_array*)
 .init_array    0x080023ec        0x4 c:/ac6/systemworkbench/plugins/fr.ac6.mcu.externaltools.arm-none.win32_1.15.0.201708311556/tools/compiler/bin/../lib/gcc/arm-none-eabi/6.3.1/thumb/v6-m/crtbegin.o
                0x080023f0                PROVIDE (__init_array_end, .)

.fini_array     0x080023f0        0x4
                [!provide]                PROVIDE (__fini_array_start, .)
 *(SORT(.fini_array.*))
 *(.fini_array*)
 .fini_array    0x080023f0        0x4 c:/ac6/systemworkbench/plugins/fr.ac6.mcu.externaltools.arm-none.win32_1.15.0.201708311556/tools/compiler/bin/../lib/gcc/arm-none-eabi/6.3.1/thumb/v6-m/crtbegin.o
                [!provide]                PROVIDE (__fini_array_end, .)
                0x080023f4                _sidata = LOADADDR (.data)

.data           0x20000000        0x4 load address 0x080023f4
                0x20000000                . = ALIGN (0x4)
                0x20000000                _sdata = .
 *(.data)
 .data          0x20000000        0x4 Src/system_stm32f0xx.o
                0x20000000                SystemCoreClock
 *(.data*)
                0x20000004                . = ALIGN (0x4)
                0x20000004                _edata = .

.jcr            0x20000004        0x0 load address 0x080023f8
 .jcr           0x20000004        0x0 c:/ac6/systemworkbench/plugins/fr.ac6.mcu.externaltools.arm-none.win32_1.15.0.201708311556/tools/compiler/bin/../lib/gcc/arm-none-eabi/6.3.1/thumb/v6-m/crtbegin.o

.igot.plt       0x20000004        0x0 load address 0x080023f8
 .igot.plt      0x20000004        0x0 c:/ac6/systemworkbench/plugins/fr.ac6.mcu.externaltools.arm-none.win32_1.15.0.201708311556/tools/compiler/bin/../lib/gcc/arm-none-eabi/6.3.1/thumb/v6-m/crtbegin.o
                0x20000004                . = ALIGN (0x4)

.bss            0x20000004      0x108 load address 0x080023f8
                0x20000004                _sbss = .
                0x20000004                __bss_start__ = _sbss
 *(.bss)
 .bss           0x20000004       0x1c c:/ac6/systemworkbench/plugins/fr.ac6.mcu.externaltools.arm-none.win32_1.15.0.201708311556/tools/compiler/bin/../lib/gcc/arm-none-eabi/6.3.1/thumb/v6-m/crtbegin.o
 *(.bss*)
 *(COMMON)
 COMMON         0x20000020        0x4 Drivers/STM32F0xx_HAL_Driver/Src/stm32f0xx_hal.o
                0x20000020                uwTick
 COMMON         0x20000024       0x38 Src/adc.o
                0x20000024                ADCValues
                0x20000040                buffer
 COMMON         0x2000005c       0x44 Src/adc_config.o
                0x2000005c                hdma_adc
 COMMON         0x200000a0       0x6c Src/main.o
                0x200000a0                ExactValues
                0x200000bc                base_current
                0x200000c0                hadc
                0x2000010c                . = ALIGN (0x4)
                0x2000010c                _ebss = .
                0x2000010c                __bss_end__ = _ebss

._user_heap_stack
                0x2000010c      0x604 load address 0x080023f8
                0x20000110                . = ALIGN (0x8)
 *fill*         0x2000010c        0x4 
                [!provide]                PROVIDE (end, .)
                [!provide]                PROVIDE (_end, .)
                0x20000310                . = (. + _Min_Heap_Size)
 *fill*         0x20000110      0x200 
                0x20000710                . = (. + _Min_Stack_Size)
 *fill*         0x20000310      0x400 
                0x20000710                . = ALIGN (0x8)

/DISCARD/
 libc.a(*)
 libm.a(*)
 libgcc.a(*)

.ARM.attributes
                0x00000000       0x28
 *(.ARM.attributes)
 .ARM.attributes
                0x00000000       0x1e c:/ac6/systemworkbench/plugins/fr.ac6.mcu.externaltools.arm-none.win32_1.15.0.201708311556/tools/compiler/bin/../lib/gcc/arm-none-eabi/6.3.1/thumb/v6-m/crti.o
 .ARM.attributes
                0x0000001e       0x2c c:/ac6/systemworkbench/plugins/fr.ac6.mcu.externaltools.arm-none.win32_1.15.0.201708311556/tools/compiler/bin/../lib/gcc/arm-none-eabi/6.3.1/thumb/v6-m/crtbegin.o
 .ARM.attributes
                0x0000004a       0x31 Drivers/STM32F0xx_HAL_Driver/Src/stm32f0xx_hal.o
 .ARM.attributes
                0x0000007b       0x31 Drivers/STM32F0xx_HAL_Driver/Src/stm32f0xx_hal_adc.o
 .ARM.attributes
                0x000000ac       0x31 Drivers/STM32F0xx_HAL_Driver/Src/stm32f0xx_hal_cortex.o
 .ARM.attributes
                0x000000dd       0x31 Drivers/STM32F0xx_HAL_Driver/Src/stm32f0xx_hal_dma.o
 .ARM.attributes
                0x0000010e       0x31 Drivers/STM32F0xx_HAL_Driver/Src/stm32f0xx_hal_gpio.o
 .ARM.attributes
                0x0000013f       0x31 Drivers/STM32F0xx_HAL_Driver/Src/stm32f0xx_hal_rcc.o
 .ARM.attributes
                0x00000170       0x31 Src/adc.o
 .ARM.attributes
                0x000001a1       0x31 Src/adc_config.o
 .ARM.attributes
                0x000001d2       0x31 Src/dma_config.o
 .ARM.attributes
                0x00000203       0x31 Src/gpio_config.o
 .ARM.attributes
                0x00000234       0x31 Src/main.o
 .ARM.attributes
                0x00000265       0x31 Src/stm32f0xx_hal_msp.o
 .ARM.attributes
                0x00000296       0x31 Src/stm32f0xx_it.o
 .ARM.attributes
                0x000002c7       0x31 Src/system_stm32f0xx.o
 .ARM.attributes
                0x000002f8       0x31 Src/systemclock_config.o
 .ARM.attributes
                0x00000329       0x21 startup/startup_stm32f030x6.o
 .ARM.attributes
                0x0000034a       0x1e c:/ac6/systemworkbench/plugins/fr.ac6.mcu.externaltools.arm-none.win32_1.15.0.201708311556/tools/compiler/bin/../lib/gcc/arm-none-eabi/6.3.1/thumb/v6-m\libgcc.a(_udivsi3.o)
 .ARM.attributes
                0x00000368       0x1e c:/ac6/systemworkbench/plugins/fr.ac6.mcu.externaltools.arm-none.win32_1.15.0.201708311556/tools/compiler/bin/../lib/gcc/arm-none-eabi/6.3.1/thumb/v6-m\libgcc.a(_dvmd_tls.o)
 .ARM.attributes
                0x00000386       0x1e c:/ac6/systemworkbench/plugins/fr.ac6.mcu.externaltools.arm-none.win32_1.15.0.201708311556/tools/compiler/bin/../lib/gcc/arm-none-eabi/6.3.1/thumb/v6-m\libgcc.a(_arm_cmpsf2.o)
 .ARM.attributes
                0x000003a4       0x2c c:/ac6/systemworkbench/plugins/fr.ac6.mcu.externaltools.arm-none.win32_1.15.0.201708311556/tools/compiler/bin/../lib/gcc/arm-none-eabi/6.3.1/thumb/v6-m\libgcc.a(_fixunssfsi.o)
 .ARM.attributes
                0x000003d0       0x2c c:/ac6/systemworkbench/plugins/fr.ac6.mcu.externaltools.arm-none.win32_1.15.0.201708311556/tools/compiler/bin/../lib/gcc/arm-none-eabi/6.3.1/thumb/v6-m\libgcc.a(divsf3.o)
 .ARM.attributes
                0x000003fc       0x2c c:/ac6/systemworkbench/plugins/fr.ac6.mcu.externaltools.arm-none.win32_1.15.0.201708311556/tools/compiler/bin/../lib/gcc/arm-none-eabi/6.3.1/thumb/v6-m\libgcc.a(eqsf2.o)
 .ARM.attributes
                0x00000428       0x2c c:/ac6/systemworkbench/plugins/fr.ac6.mcu.externaltools.arm-none.win32_1.15.0.201708311556/tools/compiler/bin/../lib/gcc/arm-none-eabi/6.3.1/thumb/v6-m\libgcc.a(gesf2.o)
 .ARM.attributes
                0x00000454       0x2c c:/ac6/systemworkbench/plugins/fr.ac6.mcu.externaltools.arm-none.win32_1.15.0.201708311556/tools/compiler/bin/../lib/gcc/arm-none-eabi/6.3.1/thumb/v6-m\libgcc.a(lesf2.o)
 .ARM.attributes
                0x00000480       0x2c c:/ac6/systemworkbench/plugins/fr.ac6.mcu.externaltools.arm-none.win32_1.15.0.201708311556/tools/compiler/bin/../lib/gcc/arm-none-eabi/6.3.1/thumb/v6-m\libgcc.a(mulsf3.o)
 .ARM.attributes
                0x000004ac       0x2c c:/ac6/systemworkbench/plugins/fr.ac6.mcu.externaltools.arm-none.win32_1.15.0.201708311556/tools/compiler/bin/../lib/gcc/arm-none-eabi/6.3.1/thumb/v6-m\libgcc.a(subsf3.o)
 .ARM.attributes
                0x000004d8       0x2c c:/ac6/systemworkbench/plugins/fr.ac6.mcu.externaltools.arm-none.win32_1.15.0.201708311556/tools/compiler/bin/../lib/gcc/arm-none-eabi/6.3.1/thumb/v6-m\libgcc.a(fixsfsi.o)
 .ARM.attributes
                0x00000504       0x2c c:/ac6/systemworkbench/plugins/fr.ac6.mcu.externaltools.arm-none.win32_1.15.0.201708311556/tools/compiler/bin/../lib/gcc/arm-none-eabi/6.3.1/thumb/v6-m\libgcc.a(floatunsisf.o)
 .ARM.attributes
                0x00000530       0x1e c:/ac6/systemworkbench/plugins/fr.ac6.mcu.externaltools.arm-none.win32_1.15.0.201708311556/tools/compiler/bin/../lib/gcc/arm-none-eabi/6.3.1/thumb/v6-m\libgcc.a(_clzsi2.o)
 .ARM.attributes
                0x0000054e       0x2c c:/ac6/systemworkbench/plugins/fr.ac6.mcu.externaltools.arm-none.win32_1.15.0.201708311556/tools/compiler/bin/../lib/gcc/arm-none-eabi/6.3.1/../../../../arm-none-eabi/lib/thumb/v6-m\libc_nano.a(lib_a-init.o)
 .ARM.attributes
                0x0000057a       0x1e c:/ac6/systemworkbench/plugins/fr.ac6.mcu.externaltools.arm-none.win32_1.15.0.201708311556/tools/compiler/bin/../lib/gcc/arm-none-eabi/6.3.1/thumb/v6-m/crtn.o
OUTPUT(BMSv2.elf elf32-littlearm)

.debug_info     0x00000000     0xdf39
 .debug_info    0x00000000      0xe43 Drivers/STM32F0xx_HAL_Driver/Src/stm32f0xx_hal.o
 .debug_info    0x00000e43     0x167a Drivers/STM32F0xx_HAL_Driver/Src/stm32f0xx_hal_adc.o
 .debug_info    0x000024bd      0xfb9 Drivers/STM32F0xx_HAL_Driver/Src/stm32f0xx_hal_cortex.o
 .debug_info    0x00003476     0x1029 Drivers/STM32F0xx_HAL_Driver/Src/stm32f0xx_hal_dma.o
 .debug_info    0x0000449f      0xe5e Drivers/STM32F0xx_HAL_Driver/Src/stm32f0xx_hal_gpio.o
 .debug_info    0x000052fd     0x113d Drivers/STM32F0xx_HAL_Driver/Src/stm32f0xx_hal_rcc.o
 .debug_info    0x0000643a      0xe06 Src/adc.o
 .debug_info    0x00007240      0xe77 Src/adc_config.o
 .debug_info    0x000080b7      0xb03 Src/dma_config.o
 .debug_info    0x00008bba      0xbf1 Src/gpio_config.o
 .debug_info    0x000097ab     0x13bd Src/main.o
 .debug_info    0x0000ab68     0x1150 Src/stm32f0xx_hal_msp.o
 .debug_info    0x0000bcb8      0xbd6 Src/stm32f0xx_it.o
 .debug_info    0x0000c88e      0xa7b Src/system_stm32f0xx.o
 .debug_info    0x0000d309      0xbb6 Src/systemclock_config.o
 .debug_info    0x0000debf       0x7a startup/startup_stm32f030x6.o

.debug_abbrev   0x00000000     0x257d
 .debug_abbrev  0x00000000      0x2f4 Drivers/STM32F0xx_HAL_Driver/Src/stm32f0xx_hal.o
 .debug_abbrev  0x000002f4      0x2ec Drivers/STM32F0xx_HAL_Driver/Src/stm32f0xx_hal_adc.o
 .debug_abbrev  0x000005e0      0x326 Drivers/STM32F0xx_HAL_Driver/Src/stm32f0xx_hal_cortex.o
 .debug_abbrev  0x00000906      0x2ce Drivers/STM32F0xx_HAL_Driver/Src/stm32f0xx_hal_dma.o
 .debug_abbrev  0x00000bd4      0x2a5 Drivers/STM32F0xx_HAL_Driver/Src/stm32f0xx_hal_gpio.o
 .debug_abbrev  0x00000e79      0x2e8 Drivers/STM32F0xx_HAL_Driver/Src/stm32f0xx_hal_rcc.o
 .debug_abbrev  0x00001161      0x205 Src/adc.o
 .debug_abbrev  0x00001366      0x22f Src/adc_config.o
 .debug_abbrev  0x00001595      0x232 Src/dma_config.o
 .debug_abbrev  0x000017c7      0x229 Src/gpio_config.o
 .debug_abbrev  0x000019f0      0x2c0 Src/main.o
 .debug_abbrev  0x00001cb0      0x26a Src/stm32f0xx_hal_msp.o
 .debug_abbrev  0x00001f1a      0x210 Src/stm32f0xx_it.o
 .debug_abbrev  0x0000212a      0x205 Src/system_stm32f0xx.o
 .debug_abbrev  0x0000232f      0x23c Src/systemclock_config.o
 .debug_abbrev  0x0000256b       0x12 startup/startup_stm32f030x6.o

.debug_loc      0x00000000     0x21b3
 .debug_loc     0x00000000       0x7c Drivers/STM32F0xx_HAL_Driver/Src/stm32f0xx_hal.o
 .debug_loc     0x0000007c      0xc12 Drivers/STM32F0xx_HAL_Driver/Src/stm32f0xx_hal_adc.o
 .debug_loc     0x00000c8e      0x393 Drivers/STM32F0xx_HAL_Driver/Src/stm32f0xx_hal_cortex.o
 .debug_loc     0x00001021      0x7ee Drivers/STM32F0xx_HAL_Driver/Src/stm32f0xx_hal_dma.o
 .debug_loc     0x0000180f      0x2b2 Drivers/STM32F0xx_HAL_Driver/Src/stm32f0xx_hal_gpio.o
 .debug_loc     0x00001ac1      0x421 Drivers/STM32F0xx_HAL_Driver/Src/stm32f0xx_hal_rcc.o
 .debug_loc     0x00001ee2       0x21 Src/adc.o
 .debug_loc     0x00001f03       0x2c Src/adc_config.o
 .debug_loc     0x00001f2f       0xf2 Src/main.o
 .debug_loc     0x00002021       0x84 Src/stm32f0xx_hal_msp.o
 .debug_loc     0x000020a5      0x10e Src/system_stm32f0xx.o

.debug_aranges  0x00000000      0x540
 .debug_aranges
                0x00000000       0xb8 Drivers/STM32F0xx_HAL_Driver/Src/stm32f0xx_hal.o
 .debug_aranges
                0x000000b8       0xf8 Drivers/STM32F0xx_HAL_Driver/Src/stm32f0xx_hal_adc.o
 .debug_aranges
                0x000001b0       0x78 Drivers/STM32F0xx_HAL_Driver/Src/stm32f0xx_hal_cortex.o
 .debug_aranges
                0x00000228       0x88 Drivers/STM32F0xx_HAL_Driver/Src/stm32f0xx_hal_dma.o
 .debug_aranges
                0x000002b0       0x58 Drivers/STM32F0xx_HAL_Driver/Src/stm32f0xx_hal_gpio.o
 .debug_aranges
                0x00000308       0x80 Drivers/STM32F0xx_HAL_Driver/Src/stm32f0xx_hal_rcc.o
 .debug_aranges
                0x00000388       0x20 Src/adc.o
 .debug_aranges
                0x000003a8       0x20 Src/adc_config.o
 .debug_aranges
                0x000003c8       0x20 Src/dma_config.o
 .debug_aranges
                0x000003e8       0x20 Src/gpio_config.o
 .debug_aranges
                0x00000408       0x50 Src/main.o
 .debug_aranges
                0x00000458       0x30 Src/stm32f0xx_hal_msp.o
 .debug_aranges
                0x00000488       0x48 Src/stm32f0xx_it.o
 .debug_aranges
                0x000004d0       0x28 Src/system_stm32f0xx.o
 .debug_aranges
                0x000004f8       0x20 Src/systemclock_config.o
 .debug_aranges
                0x00000518       0x28 startup/startup_stm32f030x6.o

.debug_ranges   0x00000000      0x4a8
 .debug_ranges  0x00000000       0xa8 Drivers/STM32F0xx_HAL_Driver/Src/stm32f0xx_hal.o
 .debug_ranges  0x000000a8       0xe8 Drivers/STM32F0xx_HAL_Driver/Src/stm32f0xx_hal_adc.o
 .debug_ranges  0x00000190       0xb0 Drivers/STM32F0xx_HAL_Driver/Src/stm32f0xx_hal_cortex.o
 .debug_ranges  0x00000240       0x78 Drivers/STM32F0xx_HAL_Driver/Src/stm32f0xx_hal_dma.o
 .debug_ranges  0x000002b8       0x48 Drivers/STM32F0xx_HAL_Driver/Src/stm32f0xx_hal_gpio.o
 .debug_ranges  0x00000300       0x88 Drivers/STM32F0xx_HAL_Driver/Src/stm32f0xx_hal_rcc.o
 .debug_ranges  0x00000388       0x10 Src/adc.o
 .debug_ranges  0x00000398       0x10 Src/adc_config.o
 .debug_ranges  0x000003a8       0x10 Src/dma_config.o
 .debug_ranges  0x000003b8       0x10 Src/gpio_config.o
 .debug_ranges  0x000003c8       0x40 Src/main.o
 .debug_ranges  0x00000408       0x20 Src/stm32f0xx_hal_msp.o
 .debug_ranges  0x00000428       0x38 Src/stm32f0xx_it.o
 .debug_ranges  0x00000460       0x18 Src/system_stm32f0xx.o
 .debug_ranges  0x00000478       0x10 Src/systemclock_config.o
 .debug_ranges  0x00000488       0x20 startup/startup_stm32f030x6.o

.debug_macro    0x00000000     0xd39f
 .debug_macro   0x00000000      0x317 Drivers/STM32F0xx_HAL_Driver/Src/stm32f0xx_hal.o
 .debug_macro   0x00000317      0x8aa Drivers/STM32F0xx_HAL_Driver/Src/stm32f0xx_hal.o
 .debug_macro   0x00000bc1       0x10 Drivers/STM32F0xx_HAL_Driver/Src/stm32f0xx_hal.o
 .debug_macro   0x00000bd1       0xa5 Drivers/STM32F0xx_HAL_Driver/Src/stm32f0xx_hal.o
 .debug_macro   0x00000c76       0x2e Drivers/STM32F0xx_HAL_Driver/Src/stm32f0xx_hal.o
 .debug_macro   0x00000ca4       0x22 Drivers/STM32F0xx_HAL_Driver/Src/stm32f0xx_hal.o
 .debug_macro   0x00000cc6       0x22 Drivers/STM32F0xx_HAL_Driver/Src/stm32f0xx_hal.o
 .debug_macro   0x00000ce8       0x87 Drivers/STM32F0xx_HAL_Driver/Src/stm32f0xx_hal.o
 .debug_macro   0x00000d6f       0x51 Drivers/STM32F0xx_HAL_Driver/Src/stm32f0xx_hal.o
 .debug_macro   0x00000dc0       0xef Drivers/STM32F0xx_HAL_Driver/Src/stm32f0xx_hal.o
 .debug_macro   0x00000eaf       0x6a Drivers/STM32F0xx_HAL_Driver/Src/stm32f0xx_hal.o
 .debug_macro   0x00000f19      0x1df Drivers/STM32F0xx_HAL_Driver/Src/stm32f0xx_hal.o
 .debug_macro   0x000010f8       0x34 Drivers/STM32F0xx_HAL_Driver/Src/stm32f0xx_hal.o
 .debug_macro   0x0000112c       0x26 Drivers/STM32F0xx_HAL_Driver/Src/stm32f0xx_hal.o
 .debug_macro   0x00001152      0x30d Drivers/STM32F0xx_HAL_Driver/Src/stm32f0xx_hal.o
 .debug_macro   0x0000145f     0x6ed0 Drivers/STM32F0xx_HAL_Driver/Src/stm32f0xx_hal.o
 .debug_macro   0x0000832f       0x3c Drivers/STM32F0xx_HAL_Driver/Src/stm32f0xx_hal.o
 .debug_macro   0x0000836b       0x58 Drivers/STM32F0xx_HAL_Driver/Src/stm32f0xx_hal.o
 .debug_macro   0x000083c3       0x35 Drivers/STM32F0xx_HAL_Driver/Src/stm32f0xx_hal.o
 .debug_macro   0x000083f8       0x9c Drivers/STM32F0xx_HAL_Driver/Src/stm32f0xx_hal.o
 .debug_macro   0x00008494       0x16 Drivers/STM32F0xx_HAL_Driver/Src/stm32f0xx_hal.o
 .debug_macro   0x000084aa       0x97 Drivers/STM32F0xx_HAL_Driver/Src/stm32f0xx_hal.o
 .debug_macro   0x00008541      0x330 Drivers/STM32F0xx_HAL_Driver/Src/stm32f0xx_hal.o
 .debug_macro   0x00008871       0xfd Drivers/STM32F0xx_HAL_Driver/Src/stm32f0xx_hal.o
 .debug_macro   0x0000896e       0x10 Drivers/STM32F0xx_HAL_Driver/Src/stm32f0xx_hal.o
 .debug_macro   0x0000897e       0x58 Drivers/STM32F0xx_HAL_Driver/Src/stm32f0xx_hal.o
 .debug_macro   0x000089d6       0x1f Drivers/STM32F0xx_HAL_Driver/Src/stm32f0xx_hal.o
 .debug_macro   0x000089f5       0x43 Drivers/STM32F0xx_HAL_Driver/Src/stm32f0xx_hal.o
 .debug_macro   0x00008a38       0x20 Drivers/STM32F0xx_HAL_Driver/Src/stm32f0xx_hal.o
 .debug_macro   0x00008a58      0x187 Drivers/STM32F0xx_HAL_Driver/Src/stm32f0xx_hal.o
 .debug_macro   0x00008bdf       0x10 Drivers/STM32F0xx_HAL_Driver/Src/stm32f0xx_hal.o
 .debug_macro   0x00008bef       0x1c Drivers/STM32F0xx_HAL_Driver/Src/stm32f0xx_hal.o
 .debug_macro   0x00008c0b       0x52 Drivers/STM32F0xx_HAL_Driver/Src/stm32f0xx_hal.o
 .debug_macro   0x00008c5d       0x40 Drivers/STM32F0xx_HAL_Driver/Src/stm32f0xx_hal.o
 .debug_macro   0x00008c9d       0x10 Drivers/STM32F0xx_HAL_Driver/Src/stm32f0xx_hal.o
 .debug_macro   0x00008cad       0x40 Drivers/STM32F0xx_HAL_Driver/Src/stm32f0xx_hal.o
 .debug_macro   0x00008ced       0xd7 Drivers/STM32F0xx_HAL_Driver/Src/stm32f0xx_hal.o
 .debug_macro   0x00008dc4       0x16 Drivers/STM32F0xx_HAL_Driver/Src/stm32f0xx_hal.o
 .debug_macro   0x00008dda      0x18b Drivers/STM32F0xx_HAL_Driver/Src/stm32f0xx_hal.o
 .debug_macro   0x00008f65       0x49 Drivers/STM32F0xx_HAL_Driver/Src/stm32f0xx_hal.o
 .debug_macro   0x00008fae      0x92f Drivers/STM32F0xx_HAL_Driver/Src/stm32f0xx_hal.o
 .debug_macro   0x000098dd       0xe5 Drivers/STM32F0xx_HAL_Driver/Src/stm32f0xx_hal.o
 .debug_macro   0x000099c2      0x13a Drivers/STM32F0xx_HAL_Driver/Src/stm32f0xx_hal.o
 .debug_macro   0x00009afc       0xb3 Drivers/STM32F0xx_HAL_Driver/Src/stm32f0xx_hal.o
 .debug_macro   0x00009baf      0x1ed Drivers/STM32F0xx_HAL_Driver/Src/stm32f0xx_hal.o
 .debug_macro   0x00009d9c       0x34 Drivers/STM32F0xx_HAL_Driver/Src/stm32f0xx_hal.o
 .debug_macro   0x00009dd0       0x43 Drivers/STM32F0xx_HAL_Driver/Src/stm32f0xx_hal.o
 .debug_macro   0x00009e13       0x28 Drivers/STM32F0xx_HAL_Driver/Src/stm32f0xx_hal.o
 .debug_macro   0x00009e3b      0x33d Drivers/STM32F0xx_HAL_Driver/Src/stm32f0xx_hal.o
 .debug_macro   0x0000a178       0xbc Drivers/STM32F0xx_HAL_Driver/Src/stm32f0xx_hal.o
 .debug_macro   0x0000a234       0xb6 Drivers/STM32F0xx_HAL_Driver/Src/stm32f0xx_hal.o
 .debug_macro   0x0000a2ea      0x15a Drivers/STM32F0xx_HAL_Driver/Src/stm32f0xx_hal.o
 .debug_macro   0x0000a444      0x202 Drivers/STM32F0xx_HAL_Driver/Src/stm32f0xx_hal.o
 .debug_macro   0x0000a646       0x61 Drivers/STM32F0xx_HAL_Driver/Src/stm32f0xx_hal.o
 .debug_macro   0x0000a6a7       0x90 Drivers/STM32F0xx_HAL_Driver/Src/stm32f0xx_hal.o
 .debug_macro   0x0000a737       0x4d Drivers/STM32F0xx_HAL_Driver/Src/stm32f0xx_hal.o
 .debug_macro   0x0000a784       0x2d Drivers/STM32F0xx_HAL_Driver/Src/stm32f0xx_hal.o
 .debug_macro   0x0000a7b1       0xea Drivers/STM32F0xx_HAL_Driver/Src/stm32f0xx_hal.o
 .debug_macro   0x0000a89b      0x317 Drivers/STM32F0xx_HAL_Driver/Src/stm32f0xx_hal_adc.o
 .debug_macro   0x0000abb2      0x2f3 Drivers/STM32F0xx_HAL_Driver/Src/stm32f0xx_hal_cortex.o
 .debug_macro   0x0000aea5      0x2f3 Drivers/STM32F0xx_HAL_Driver/Src/stm32f0xx_hal_dma.o
 .debug_macro   0x0000b198      0x32b Drivers/STM32F0xx_HAL_Driver/Src/stm32f0xx_hal_gpio.o
 .debug_macro   0x0000b4c3      0x305 Drivers/STM32F0xx_HAL_Driver/Src/stm32f0xx_hal_rcc.o
 .debug_macro   0x0000b7c8      0x2fd Src/adc.o
 .debug_macro   0x0000bac5      0x302 Src/adc_config.o
 .debug_macro   0x0000bdc7       0x28 Src/adc_config.o
 .debug_macro   0x0000bdef      0x2fd Src/dma_config.o
 .debug_macro   0x0000c0ec      0x2fd Src/gpio_config.o
 .debug_macro   0x0000c3e9      0x34c Src/main.o
 .debug_macro   0x0000c735       0x3a Src/main.o
 .debug_macro   0x0000c76f       0x2e Src/main.o
 .debug_macro   0x0000c79d       0x22 Src/main.o
 .debug_macro   0x0000c7bf      0x2f3 Src/stm32f0xx_hal_msp.o
 .debug_macro   0x0000cab2      0x2fd Src/stm32f0xx_it.o
 .debug_macro   0x0000cdaf      0x2f3 Src/system_stm32f0xx.o
 .debug_macro   0x0000d0a2      0x2fd Src/systemclock_config.o

.debug_line     0x00000000     0x7eb6
 .debug_line    0x00000000      0x8c2 Drivers/STM32F0xx_HAL_Driver/Src/stm32f0xx_hal.o
 .debug_line    0x000008c2      0xc9a Drivers/STM32F0xx_HAL_Driver/Src/stm32f0xx_hal_adc.o
 .debug_line    0x0000155c      0x8bb Drivers/STM32F0xx_HAL_Driver/Src/stm32f0xx_hal_cortex.o
 .debug_line    0x00001e17      0x99a Drivers/STM32F0xx_HAL_Driver/Src/stm32f0xx_hal_dma.o
 .debug_line    0x000027b1      0x8a4 Drivers/STM32F0xx_HAL_Driver/Src/stm32f0xx_hal_gpio.o
 .debug_line    0x00003055      0x9c6 Drivers/STM32F0xx_HAL_Driver/Src/stm32f0xx_hal_rcc.o
 .debug_line    0x00003a1b      0x744 Src/adc.o
 .debug_line    0x0000415f      0x770 Src/adc_config.o
 .debug_line    0x000048cf      0x74d Src/dma_config.o
 .debug_line    0x0000501c      0x75a Src/gpio_config.o
 .debug_line    0x00005776      0x8a7 Src/main.o
 .debug_line    0x0000601d      0x78b Src/stm32f0xx_hal_msp.o
 .debug_line    0x000067a8      0x7a7 Src/stm32f0xx_it.o
 .debug_line    0x00006f4f      0x77b Src/system_stm32f0xx.o
 .debug_line    0x000076ca      0x769 Src/systemclock_config.o
 .debug_line    0x00007e33       0x83 startup/startup_stm32f030x6.o

.debug_str      0x00000000    0x3fc59
 .debug_str     0x00000000    0x3e56b Drivers/STM32F0xx_HAL_Driver/Src/stm32f0xx_hal.o
                              0x3e804 (size before relaxing)
 .debug_str     0x0003e56b      0x70f Drivers/STM32F0xx_HAL_Driver/Src/stm32f0xx_hal_adc.o
                              0x3ea3e (size before relaxing)
 .debug_str     0x0003ec7a      0x1d0 Drivers/STM32F0xx_HAL_Driver/Src/stm32f0xx_hal_cortex.o
                              0x3e6b2 (size before relaxing)
 .debug_str     0x0003ee4a      0x238 Drivers/STM32F0xx_HAL_Driver/Src/stm32f0xx_hal_dma.o
                              0x3e71b (size before relaxing)
 .debug_str     0x0003f082      0x28e Drivers/STM32F0xx_HAL_Driver/Src/stm32f0xx_hal_gpio.o
                              0x3e5d9 (size before relaxing)
 .debug_str     0x0003f310      0x331 Drivers/STM32F0xx_HAL_Driver/Src/stm32f0xx_hal_rcc.o
                              0x3e73d (size before relaxing)
 .debug_str     0x0003f641       0x5d Src/adc.o
                              0x3e650 (size before relaxing)
 .debug_str     0x0003f69e       0xf5 Src/adc_config.o
                              0x3e727 (size before relaxing)
 .debug_str     0x0003f793       0x23 Src/dma_config.o
                              0x3e47f (size before relaxing)
 .debug_str     0x0003f7b6       0x35 Src/gpio_config.o
                              0x3e3cb (size before relaxing)
 .debug_str     0x0003f7eb      0x36c Src/main.o
                              0x3eb5f (size before relaxing)
 .debug_str     0x0003fb57       0x1b Src/stm32f0xx_hal_msp.o
                              0x3e8b4 (size before relaxing)
 .debug_str     0x0003fb72       0x71 Src/stm32f0xx_it.o
                              0x3e525 (size before relaxing)
 .debug_str     0x0003fbe3       0x5a Src/system_stm32f0xx.o
                              0x3e332 (size before relaxing)
 .debug_str     0x0003fc3d       0x1c Src/systemclock_config.o
                              0x3e5af (size before relaxing)

.comment        0x00000000       0x7f
 .comment       0x00000000       0x7f Drivers/STM32F0xx_HAL_Driver/Src/stm32f0xx_hal.o
                                 0x80 (size before relaxing)
 .comment       0x0000007f       0x80 Drivers/STM32F0xx_HAL_Driver/Src/stm32f0xx_hal_adc.o
 .comment       0x0000007f       0x80 Drivers/STM32F0xx_HAL_Driver/Src/stm32f0xx_hal_cortex.o
 .comment       0x0000007f       0x80 Drivers/STM32F0xx_HAL_Driver/Src/stm32f0xx_hal_dma.o
 .comment       0x0000007f       0x80 Drivers/STM32F0xx_HAL_Driver/Src/stm32f0xx_hal_gpio.o
 .comment       0x0000007f       0x80 Drivers/STM32F0xx_HAL_Driver/Src/stm32f0xx_hal_rcc.o
 .comment       0x0000007f       0x80 Src/adc.o
 .comment       0x0000007f       0x80 Src/adc_config.o
 .comment       0x0000007f       0x80 Src/dma_config.o
 .comment       0x0000007f       0x80 Src/gpio_config.o
 .comment       0x0000007f       0x80 Src/main.o
 .comment       0x0000007f       0x80 Src/stm32f0xx_hal_msp.o
 .comment       0x0000007f       0x80 Src/stm32f0xx_it.o
 .comment       0x0000007f       0x80 Src/system_stm32f0xx.o
 .comment       0x0000007f       0x80 Src/systemclock_config.o

.debug_frame    0x00000000      0xd10
 .debug_frame   0x00000000      0x174 Drivers/STM32F0xx_HAL_Driver/Src/stm32f0xx_hal.o
 .debug_frame   0x00000174      0x2a0 Drivers/STM32F0xx_HAL_Driver/Src/stm32f0xx_hal_adc.o
 .debug_frame   0x00000414       0xe4 Drivers/STM32F0xx_HAL_Driver/Src/stm32f0xx_hal_cortex.o
 .debug_frame   0x000004f8      0x168 Drivers/STM32F0xx_HAL_Driver/Src/stm32f0xx_hal_dma.o
 .debug_frame   0x00000660       0xcc Drivers/STM32F0xx_HAL_Driver/Src/stm32f0xx_hal_gpio.o
 .debug_frame   0x0000072c      0x130 Drivers/STM32F0xx_HAL_Driver/Src/stm32f0xx_hal_rcc.o
 .debug_frame   0x0000085c       0x2c Src/adc.o
 .debug_frame   0x00000888       0x3c Src/adc_config.o
 .debug_frame   0x000008c4       0x28 Src/dma_config.o
 .debug_frame   0x000008ec       0x30 Src/gpio_config.o
 .debug_frame   0x0000091c       0xb8 Src/main.o
 .debug_frame   0x000009d4       0x60 Src/stm32f0xx_hal_msp.o
 .debug_frame   0x00000a34       0x80 Src/stm32f0xx_it.o
 .debug_frame   0x00000ab4       0x38 Src/system_stm32f0xx.o
 .debug_frame   0x00000aec       0x2c Src/systemclock_config.o
 .debug_frame   0x00000b18       0x20 c:/ac6/systemworkbench/plugins/fr.ac6.mcu.externaltools.arm-none.win32_1.15.0.201708311556/tools/compiler/bin/../lib/gcc/arm-none-eabi/6.3.1/thumb/v6-m\libgcc.a(_udivsi3.o)
 .debug_frame   0x00000b38       0x28 c:/ac6/systemworkbench/plugins/fr.ac6.mcu.externaltools.arm-none.win32_1.15.0.201708311556/tools/compiler/bin/../lib/gcc/arm-none-eabi/6.3.1/thumb/v6-m\libgcc.a(_fixunssfsi.o)
 .debug_frame   0x00000b60       0x3c c:/ac6/systemworkbench/plugins/fr.ac6.mcu.externaltools.arm-none.win32_1.15.0.201708311556/tools/compiler/bin/../lib/gcc/arm-none-eabi/6.3.1/thumb/v6-m\libgcc.a(divsf3.o)
 .debug_frame   0x00000b9c       0x2c c:/ac6/systemworkbench/plugins/fr.ac6.mcu.externaltools.arm-none.win32_1.15.0.201708311556/tools/compiler/bin/../lib/gcc/arm-none-eabi/6.3.1/thumb/v6-m\libgcc.a(eqsf2.o)
 .debug_frame   0x00000bc8       0x30 c:/ac6/systemworkbench/plugins/fr.ac6.mcu.externaltools.arm-none.win32_1.15.0.201708311556/tools/compiler/bin/../lib/gcc/arm-none-eabi/6.3.1/thumb/v6-m\libgcc.a(gesf2.o)
 .debug_frame   0x00000bf8       0x30 c:/ac6/systemworkbench/plugins/fr.ac6.mcu.externaltools.arm-none.win32_1.15.0.201708311556/tools/compiler/bin/../lib/gcc/arm-none-eabi/6.3.1/thumb/v6-m\libgcc.a(lesf2.o)
 .debug_frame   0x00000c28       0x3c c:/ac6/systemworkbench/plugins/fr.ac6.mcu.externaltools.arm-none.win32_1.15.0.201708311556/tools/compiler/bin/../lib/gcc/arm-none-eabi/6.3.1/thumb/v6-m\libgcc.a(mulsf3.o)
 .debug_frame   0x00000c64       0x38 c:/ac6/systemworkbench/plugins/fr.ac6.mcu.externaltools.arm-none.win32_1.15.0.201708311556/tools/compiler/bin/../lib/gcc/arm-none-eabi/6.3.1/thumb/v6-m\libgcc.a(subsf3.o)
 .debug_frame   0x00000c9c       0x20 c:/ac6/systemworkbench/plugins/fr.ac6.mcu.externaltools.arm-none.win32_1.15.0.201708311556/tools/compiler/bin/../lib/gcc/arm-none-eabi/6.3.1/thumb/v6-m\libgcc.a(fixsfsi.o)
 .debug_frame   0x00000cbc       0x28 c:/ac6/systemworkbench/plugins/fr.ac6.mcu.externaltools.arm-none.win32_1.15.0.201708311556/tools/compiler/bin/../lib/gcc/arm-none-eabi/6.3.1/thumb/v6-m\libgcc.a(floatunsisf.o)
 .debug_frame   0x00000ce4       0x2c c:/ac6/systemworkbench/plugins/fr.ac6.mcu.externaltools.arm-none.win32_1.15.0.201708311556/tools/compiler/bin/../lib/gcc/arm-none-eabi/6.3.1/../../../../arm-none-eabi/lib/thumb/v6-m\libc_nano.a(lib_a-init.o)
